// Jest Snapshot v1, https://goo.gl/fbAQLP

exports[`matches snapshot 1`] = `
<div
  class="spinnerWrapper hasPadding"
  data-testid="loading-spinner"
>
  <div
    class="spinner"
  >
    <div
      class="LoadingSpinner-module_loadingSpinner__2xHT_ LoadingSpinner-module_multicolor__1qbEF"
    >
      <div />
      <div />
      <div />
    </div>
  </div>
</div>
`;
